Title: Thousands Mark Total Eclipse With Prayers Dancing and Drum Beating
 Thousands of peole prayed cheered danced beat drums and observed other traditions today as a total eclipse of the sun darkened a wide area of Indonesia and the southern Philippines
The sun was blacked out by the shadow of the moon for up to four minutes along a 108 mile swath that moved from the Indian Ocean across Indonesia and the southern Philippine island of Mindanao
A partial eclipse was visible across a wide area of Asia as far west as India including Southeast Asia China Japan and New Guinea as well as parts of Australia and the Pacific islands
Clouds obscured the solar spectacular in Jakarta Indonesia Hong Kong and in the eastern Mindanao city of Davao where thousands of tourists and scientists had gathered to observe the eclipse
He said thousands of Indonesians prayed and beat drums to herald the start of the eclipse which began in southwestern Sumatra before heading on to the Philippines
In Kurukshetra India an estimated 1 million pilgrims dipped into the waters of the sacred Sannihit and Brahmsarover tanks after a public address system announced the start of the eclipse
