Title: Four Die In North Florida Tornado
 A tornado blasted through this North Florida town before dawn today destroying several homes and a college library blowing off rooftops flipping cars and leaving four people dead and 15 injured officials said
The tornado touched down at 4 30 am just west of Madison about 50 miles east of Tallahassee and cut a 12 mile swath of destruction authorities said
There was this huge roar and then I heard a tree crack out there and thought we were all gone said Marie Prince a Madison County sheriff s dispatcher
Fifteen people were injured but none of the injuries was critical according to Madison County Memorial Hospital administrator Jeannie Baker
Two of the deaths occurred in mobile homes blown apart by the tornado and four other houses were seriously damaged as well said Madison County Civil Defense Director Bernard Wilson
Madison a town of about 3 500 people is the county seat of Madison County a thinly populated tobacco growing area of piney woods rolling hills and swamps on the border with Georgia
