Title: Twister Rips Through Alabama City Killing 17
 Rescuers crawled through collapsed homes and shops today looking for more victims of a tornado that carved a 3 mile stretch of destruction killing 17 people injuring 463 and leaving 1 000 homeless
It s like taking six to 10 city blocks and putting them in a blender and putting it on liquefy said rescue worker Bob Caraway whose specialty is cave rescues
The tornado was one of a series that touched down Wednesday in an arc spanning at least seven states from the Deep South to the Midwest
The other tornadoes caused at least 19 injuries and far flung property damage
In Pennsylvania the weather service said it received unconfirmed reports of a tornado that turned over a car and knocked down trees and power lines near Gettysburg
Elsewhere In Georgia 19 people were injured four critically and at least 200 people were evacuated after a tornado strusC and a tornado toppled trees downed power lines and damaged 20 houses near Greenwood SC No injuries were reported in either state
In West Virginia high winds believed to be tornadoes swept Jefferson County early today overturning trailers blowing roofs off homes and downing power lines authorities said
The National Weather Service had issued a tornado watch earlier in the day but did not issue a more urgent tornado warning until 4 39 pm CST when the tornado was spotted at the municipal golf course
A worker at a building owned by the Madison County Jaycees said 42 people were staying there early today and described the mood of the survivors as shock mostly and disbelief
