Title: At Least Four Earthquakes Occur None Along New Madrid Fault
 At least four moderate earthquakes rattled parts of the world but there was nary a tremor Monday along the New Madrid Fault where a scientist said a earthquake was likely to occur
This is just a normal day said Waverly Person chief of the US Geological Survey s National Earthquake Information Center
Along the New Madrid Fault some schools were canceled and residents purchased earthquake emergency kits and others left town just in case climatologist Iben Browning was right
Browning said there was a 50 50 chance for a major earthquake early this week along the fault which stretches from Marked Tree Ark. northeast through New Marid Mo. to Cairo Ill
There s just no way to predict an earthquake precisely said Person who has been with the US Geological Survey for more than 25 years
The center received more than 50 calls about the New Madrid forecast Monday morning and hundreds last week said Person who began doing interviews for radio and television stations just after midnight
A needle jumped a few inches across the seismograph connected to monitoring equipment in Tonopah Nev. Person scanned the chart and called to a colleague It may be a nuclear test
Quick calculations showed the quake was magnitude 3.5 centered about 30 miles southwest of Ely Nev. Between midnight and evening four moderate quakes were recorded at Golden
