Title: England France Tunnel Halfway There Despite Problems
 It s been described as the largest current civil engineering project a multibillion dollar link that will help revolutionize Europe s economy and physically end Britain s historic isolation a dream born in Napoleon s day
The Chunnel between Britain and France is half dug and scheduled to open on time in three years
But the three tunnel thoroughfare under the English Channel is almost 60 percent over budget embroiled in a contractor dispute and scrambling for more investment money
While the French are forging ahead with a high speed rail link to their end of the tunnel for example state owned British Rail is dragging
Britain becomes branch line of Europe a Guardian newspaper headline declared after the government announced June 14 that it would not fund a high speed rail link between London and the British end of the tunnel
In October concern about the rising pricetag drove Eurotunnel s banking syndicate to freeze funds for three months until the company reached a truce with Trans Manche Link the consortium of 10 British and French contractors doing the construction over responsibility for 1.7 billion in overruns
