Title:  LIZ BIZ THROUGH SICK AND THIN THE WORLD WATCHES TAYLOR 
 Her movies now are few and far between but when she is ill the world still stands at attention
Liz Taylor s latest bout with pneumonia has drawn the kind of intense scrutiny normally accorded presidential polyps
And today yet again everyone is talking about La Liz
But then Liz Taylor 58 has always lived a life of extremes
It was partly to still the gossips that Taylor s doctors called a press conference Wednesday at St
For the tabloid press had been humming with rumors that Liz Taylor had AIDS virtually since she was checked into Daniel Freeman Hospital in Marina del Rey April 9 with a high fever and sinus infection
Liz is as close to American royalty as you can have and our readers . . . in the heartland . . . they re living and dying with her said Barry Levine Hollywood bureau chief of the Star which featured a cover photograph of Liz hooked up to an intravenous tube and oxygen mask being transferred from the Marina del Rey hospital to St
Some press coverage has bent over backwards to tug at the bounds of credibility the National Enquirer has Liz communing with the ghosts of Forbes and one time husband Richard Burton
