Title:  ANTELOPE VALLEY BLAZE CONTAINED CLEVELAND FOREST FIRE CONTROLLED 
 Firefighters got the upper hand Friday on an 8 200 acre brush fire in Cleveland National Forest that destroyed 11 structures near Lake Elsinore in Riverside County
Aided by higher humidity and a decrease in wind fire crews had more than 85 of the blaze surrounded late Friday afternoon and began releasing many of the 2 300 people who had been fighting the fire
Officials predicted that the blaze would be completely under control by Saturday morning but would not be extinguished until midday Sunday. 2 000 Acres Burned Meanwhile a brush fire that burned more than 2 000 acres of mostly rugged terrain in the Antelope Valley this week was contained by firefighters Friday morning authorities said
Charred Landscape Dean McAlister a US Forest Service spokesman said fire crews late Friday were hiking into the rugged charred landscape along the Orange Riverside county line to do battle with sections of the fire still consuming brush and timber
