Title:  LELAND CRASH SITE FOUND ALL 16 KILLED WRECKAGE OF PLANE WITH CONGRESSMAN SPOTTED IN ETHIOPIA 
 US military helicopters on Sunday located the wreckage of a plane that crashed last Monday with Texas congressman Mickey Leland and 15 others aboard
Witnesses who visited the site said there were no survivors
US rescue and recovery teams said that the plane hit a mountain about 4 300 feet above sea level having missed clearing the peak by about 300 feet
The crash site is about 75 miles east of the Fugnido refugee camp that Leland was flying to visit when the plane vanished in heavy weather last Monday
Ackerman D NY a colleague of Leland s who has accompanied search crews for the last two days and was aboard the helicopter that first spotted the wreckage Sunday
Ivan Tillen a New York businessman and friend of Leland s Robert Woods a political and economic officer at the American Embassy in Addis Ababa Gladys Gilbert a special projects officer for the mission of the US Agency for International Development attached to the embassy Thomas Worrick the acting AID representative in Ethiopia and Worrick s wife Roberta. 7 Ethiopians Killed Also on board were Debebe Agonofer an Ethiopian agricultural economist with the AID mission and six other Ethiopians including the plane s crew of three
