Title:  END OF HIS BAN ONLY STARTS THE QUESTIONS TRACK AND FIELD MARKETABILITY OF BEN JOHNSON AFTER SUSPENSION FOR STEROID USE POSES A GAMBLE FOR PROMOTERS. 
 It was a scene that recalled the golden days for Ben Johnson
Johnson was as before shy and yet brimming with confidence
It has been two years since Johnson then world record holder at 100 meters was stripped of his gold medal after testing positive for anabolic steroids at the Seoul Olympics
Johnson was also suspended from competition for two years that suspension ends today
Once he returns to the sport and if he returns a winner all is forgiven said Paul Gaines assistant meet director for the Hamilton Spectator Indoor Games the Canadian meet to be held Jan. 11 that will mark Johnson s return to competition
BIG MONEY Promoters of indoor meets this season doubt that Johnson will regain his records but they hope that fans will turn out in huge numbers to watch him try
Indeed in a season that holds the promise of high performance levels in general as athletes peak for the world indoor championships in Seville Spain in March Johnson s return to competition might help rejuvenate a sport in need of public interest
Al Franken promoter of the Sunkist Invitational is close to signing Johnson for his Jan. 18 meet saying Johnson will receive the highest appearance fee Franken has ever paid 30 000 compared to the 23 000 Franken paid Carl Lewis
