Title:  LATE ENTRANT WINS A RUN FOR MONEY MARATHON ERNESTO BEATRIZ MARTINEZ OF MEXICO CITY TRAVELED A LONG ROAD TO THE FINISH LINE SUNDAY BUT HIS VICTORY AND PRIZE MONEY WILL GO ALONG WAY TOWARD HELPING HIS FAMILY AND FRIENDS. 
 While more than a thousand runners were treated to an evening of comedy music and magic at Saturday night s carbo load dinner on Mission Bay Ernesto Beatriz Martinez of Mexico City was treated to a bumpy 12 1 2 hour bus ride from his hometown to border town Tijuana
Not until early Sunday morning did Beatriz Martinez 29 cross the US Mexican border to register for then reach the starting line of the San Diego International Marathon on East Mission Bay Drive
Two hours 16 minutes and 12 seconds later in only his second marathon his first was this event last year when he finished eighth Beatriz Martinez crossed the finish line 39 seconds ahead of South African Mark Plaatjes now of Lake Forest Ill
Marie Rollins a member of the 1988 Irish Olympic team and now of Glendale kicked her race up a gear after the 16th mile and won the women s race in 2 39 05 handily defeating hometown favorite Mindy Ireland 2 42 18 of Escondido
Plaatjes and Ireland took home 2 500 each and Maurilio Castillo 2 18 06 of Naucalpan Mexico the men s third place finisher and Great Britian s Gillian Horovitz 2 43 20 now of New York City third in the women s race received 1 500
