Title:  LA LAW UNDER THE PUBLIC S GUN EVEN SHERIFF FEELS HEAT OF THE CRITICS 
 Just last week a federal judge hearing a civil rights suit issued an unusual order that employees follow department policy and the department appealed winning a temporary delay of the order
The spotlight that had been trained on the police department and its 8 300 officers now has widened to take in the equally large sheriff s department
Block s measured response to the criticism and the lack of a riveting videotape have spared him the level of heat felt by Police Chief Daryl Gates
But after years of boasting that their methods were models in policing both departments are facing pressure to revolutionize their tactics to better fit this first of its kind metropolis
Joseph McNamara retired chief of San Jose s department and now a fellow at Stanford University s Hoover Institution said he has been getting calls all summer from cities around the country about racism and brutality in their departments
But some observers say that for a variety of political and social reasons the possibility for substantive change on LA law s front lines is scant
The poor minority communities that do care suffer a lack of organization that really can take advantage of the anger over the police and keep some momentum going that could potentially force reforms Hicks said
The King beating led to an investigation of the police department by an independent commission that found racism brutality inadequate discipline mismanagement and a siege mentality pitting officers against the community
At the street level it suggested officers spend more time out of their patrol cars work more with community groups and ease up on the common practice of making suspects lie face down on the ground even when they pose no apparent threat
