Title:  Clarence Thomas on Law Rights and Morality 
While the views of President Bush s first Supreme Court nominee David Souter were virtually unknown before his confirmation the 43 year old Mr. Thomas has boldly articulated his vision of constitutional law both as a judge he now sits on the Court of Appeals for the District of Columbia Circuit the nation s second highest bench and before that as chairman of the Equal Employment Opportunity Commission for eight years
Basically the job of a judge is to figure out what the law says not what he wants it to say Mr. Thomas told me
Many of Mr. Thomas s critics have taken his unconcealed admiration for Ronald Reagan his former boss and Robert Bork his predecessor on the DC Circuit as evidence that Mr. Thomas shares their philosophy of jurisprudence
Writing in the Howard Law Journal in 1987 Mr. Thomas argued for what he called a natural law or higher law mode of judging in which the judge examines not only the text of the Constitution or statute but also the moral principles underlying the American form of government
