Title:  Will the Earth Move On Dec. 3. Midwest Rattled by Prediction A Scientist Expects a Quake Some Map Plans to Flee And Entrepreneurs Profit 
 But even as Memphians whoop it up the prediction that the Big One may come in December is triggering tremors up and down the Mississippi Valley
You can t run from everything says Tammy McCormick a nurse in Blytheville Ark. who will take her two youngsters and spend several days with relatives in North Carolina
In 1811 and 1812 along a 120 mile zig zag formation called the New Madrid fault a series of quakes ravaged the Midwest
And as tons of soil and rock bed pitched and rolled in a seismic frenzy new waterfalls spiked up causing part of the mighty Mississippi River to flow backward for several hours
Iben Browning a 72 year old scientist predicted October s Bay Area quake a week before it happened say people who heard him speak to the Equipment Manufacturers Institute
The New Madrid area has a 50 50 chance of producing at least a 7 quake on Dec. 3 give or take a day or two on either side Mr. Browning says
